mode: set
github.com/sandeepkv93/podbeacon/internal/controller/config_render.go:85.111,88.42 2 1
github.com/sandeepkv93/podbeacon/internal/controller/config_render.go:88.42,89.72 1 0
github.com/sandeepkv93/podbeacon/internal/controller/config_render.go:89.72,91.4 1 0
github.com/sandeepkv93/podbeacon/internal/controller/config_render.go:93.2,98.31 4 1
github.com/sandeepkv93/podbeacon/internal/controller/config_render.go:98.31,101.3 2 0
github.com/sandeepkv93/podbeacon/internal/controller/config_render.go:104.2,105.68 2 1
github.com/sandeepkv93/podbeacon/internal/controller/config_render.go:105.68,107.3 1 0
github.com/sandeepkv93/podbeacon/internal/controller/config_render.go:108.2,109.74 2 1
github.com/sandeepkv93/podbeacon/internal/controller/config_render.go:109.74,111.3 1 0
github.com/sandeepkv93/podbeacon/internal/controller/config_render.go:113.2,114.44 2 1
github.com/sandeepkv93/podbeacon/internal/controller/config_render.go:114.44,116.3 1 1
github.com/sandeepkv93/podbeacon/internal/controller/config_render.go:117.2,118.54 2 1
github.com/sandeepkv93/podbeacon/internal/controller/config_render.go:118.54,120.3 1 1
github.com/sandeepkv93/podbeacon/internal/controller/config_render.go:122.2,160.74 2 1
github.com/sandeepkv93/podbeacon/internal/controller/config_render.go:160.74,162.32 2 0
github.com/sandeepkv93/podbeacon/internal/controller/config_render.go:162.32,164.4 1 0
github.com/sandeepkv93/podbeacon/internal/controller/config_render.go:168.2,169.23 2 1
github.com/sandeepkv93/podbeacon/internal/controller/config_render.go:169.23,175.3 1 0
github.com/sandeepkv93/podbeacon/internal/controller/config_render.go:178.2,179.28 2 1
github.com/sandeepkv93/podbeacon/internal/controller/config_render.go:179.28,181.3 1 1
github.com/sandeepkv93/podbeacon/internal/controller/config_render.go:182.2,184.28 2 1
github.com/sandeepkv93/podbeacon/internal/controller/config_render.go:184.28,190.3 1 1
github.com/sandeepkv93/podbeacon/internal/controller/config_render.go:192.2,193.16 2 1
github.com/sandeepkv93/podbeacon/internal/controller/config_render.go:193.16,195.3 1 0
github.com/sandeepkv93/podbeacon/internal/controller/config_render.go:196.2,203.29 5 1
github.com/sandeepkv93/podbeacon/internal/controller/telemetryprofile_controller.go:50.108,55.64 3 1
github.com/sandeepkv93/podbeacon/internal/controller/telemetryprofile_controller.go:55.64,56.32 1 0
github.com/sandeepkv93/podbeacon/internal/controller/telemetryprofile_controller.go:56.32,58.4 1 0
github.com/sandeepkv93/podbeacon/internal/controller/telemetryprofile_controller.go:59.3,59.28 1 0
github.com/sandeepkv93/podbeacon/internal/controller/telemetryprofile_controller.go:63.2,63.38 1 1
github.com/sandeepkv93/podbeacon/internal/controller/telemetryprofile_controller.go:63.38,65.3 1 1
github.com/sandeepkv93/podbeacon/internal/controller/telemetryprofile_controller.go:68.2,69.51 2 1
github.com/sandeepkv93/podbeacon/internal/controller/telemetryprofile_controller.go:69.51,73.17 4 0
github.com/sandeepkv93/podbeacon/internal/controller/telemetryprofile_controller.go:73.17,76.4 2 0
github.com/sandeepkv93/podbeacon/internal/controller/telemetryprofile_controller.go:77.3,77.30 1 0
github.com/sandeepkv93/podbeacon/internal/controller/telemetryprofile_controller.go:77.30,79.4 1 0
github.com/sandeepkv93/podbeacon/internal/controller/telemetryprofile_controller.go:82.2,82.86 1 1
github.com/sandeepkv93/podbeacon/internal/controller/telemetryprofile_controller.go:82.86,86.17 4 0
github.com/sandeepkv93/podbeacon/internal/controller/telemetryprofile_controller.go:86.17,89.4 2 0
github.com/sandeepkv93/podbeacon/internal/controller/telemetryprofile_controller.go:91.3,92.16 2 0
github.com/sandeepkv93/podbeacon/internal/controller/telemetryprofile_controller.go:92.16,93.38 1 0
github.com/sandeepkv93/podbeacon/internal/controller/telemetryprofile_controller.go:93.38,95.5 1 0
github.com/sandeepkv93/podbeacon/internal/controller/telemetryprofile_controller.go:100.2,101.16 2 1
github.com/sandeepkv93/podbeacon/internal/controller/telemetryprofile_controller.go:101.16,104.3 2 0
github.com/sandeepkv93/podbeacon/internal/controller/telemetryprofile_controller.go:106.2,116.75 3 1
github.com/sandeepkv93/podbeacon/internal/controller/telemetryprofile_controller.go:116.75,117.21 1 1
github.com/sandeepkv93/podbeacon/internal/controller/telemetryprofile_controller.go:117.21,119.4 1 1
github.com/sandeepkv93/podbeacon/internal/controller/telemetryprofile_controller.go:120.3,121.13 2 1
github.com/sandeepkv93/podbeacon/internal/controller/telemetryprofile_controller.go:124.2,124.16 1 1
github.com/sandeepkv93/podbeacon/internal/controller/telemetryprofile_controller.go:124.16,127.3 2 0
github.com/sandeepkv93/podbeacon/internal/controller/telemetryprofile_controller.go:129.2,129.46 1 1
github.com/sandeepkv93/podbeacon/internal/controller/telemetryprofile_controller.go:129.46,131.3 1 1
github.com/sandeepkv93/podbeacon/internal/controller/telemetryprofile_controller.go:134.2,138.95 4 1
github.com/sandeepkv93/podbeacon/internal/controller/telemetryprofile_controller.go:141.176,143.13 2 1
github.com/sandeepkv93/podbeacon/internal/controller/telemetryprofile_controller.go:143.13,145.3 1 1
github.com/sandeepkv93/podbeacon/internal/controller/telemetryprofile_controller.go:147.2,158.16 4 1
github.com/sandeepkv93/podbeacon/internal/controller/telemetryprofile_controller.go:158.16,161.3 1 0
github.com/sandeepkv93/podbeacon/internal/controller/telemetryprofile_controller.go:164.2,164.31 1 1
github.com/sandeepkv93/podbeacon/internal/controller/telemetryprofile_controller.go:164.31,166.3 1 0
github.com/sandeepkv93/podbeacon/internal/controller/telemetryprofile_controller.go:168.2,168.27 1 1
github.com/sandeepkv93/podbeacon/internal/controller/telemetryprofile_controller.go:172.79,177.2 1 0
